=== stdout
{
  "variable": "TVARVC:ZGOLD_VAR",
  "variable_name": "ZGOLD_VAR",
  "found": true,
  "readers": [
    {
      "node_id": "PROG:ZGOLD_REPORT",
      "name": "ZGOLD_REPORT",
      "type": "PROG",
      "confidence": "HIGH",
      "edge_count": 1
    },
    {
      "node_id": "CLAS:ZCL_GOLD_A",
      "name": "ZCL_GOLD_A",
      "type": "CLAS",
      "confidence": "MEDIUM",
      "edge_count": 1
    },
    {
      "node_id": "PROG:ZGOLD_MISSING",
      "name": "ZGOLD_MISSING",
      "type": "PROG",
      "confidence": "MEDIUM",
      "edge_count": 1
    }
  ],
  "unsearched": [
    {
      "object": "PROG ZGOLD_MISSING",
      "reason": "Failed to read source: ADT API error: status 404 at /sap/bc/adt/programs/programs/zgold_missing/source/main: Resource does not exist"
    }
  ],
  "notes": [
    "1 of 3 objects could not be searched, so this is not a complete answer:\n  PROG ZGOLD_MISSING: Failed to read source: ADT API error: status 404 at /sap/bc/adt/programs/programs/zgold_missing/source/main: Resource does not exist"
  ]
}

=== stderr
Querying WBCROSSGT and CROSS for TVARVC references...
Found 3 candidate programs. Grep confirmed 1.
WARN: PROG ZGOLD_MISSING could not be grepped: Failed to read source: ADT API error: status 404 at /sap/bc/adt/programs/programs/zgold_missing/source/main: Resource does not exist
WARN: 1 of 3 candidates could not be grepped, so an unconfirmed row below may only mean unread.

=== error
<nil>
=== requests
GET /sap/bc/adt/oo/classes/zcl_gold_a/source/main
GET /sap/bc/adt/programs/programs/zgold_missing/source/main
GET /sap/bc/adt/programs/programs/zgold_report/source/main
SQL SELECT INCLUDE FROM CROSS WHERE TYPE = 'S' AND NAME = 'TVARVC'
SQL SELECT INCLUDE FROM WBCROSSGT WHERE OTYPE = 'TY' AND NAME = 'TVARVC'
