=== stdout
{
  "scope": {
    "kind": "object",
    "object_type": "CLAS",
    "object_name": "ZCL_NARROW"
  },
  "summary": {
    "status": "PARTIAL",
    "headline": "Nothing bad found, but 2 thing(s) could not be checked — this is not a clean bill of health"
  },
  "signals": {
    "atc": {
      "status": "CLEAN",
      "details": {
        "errors": 0,
        "findings": 0,
        "infos": 0,
        "warnings": 0
      }
    },
    "boundaries": {
      "status": "CLEAN",
      "details": {
        "crossed_packages": {},
        "dynamic": 0,
        "violations": 0
      },
      "unsearched": [
        {
          "object": "Z_GOLD_FM",
          "reason": "running query: ADT API error: status 500 at /sap/bc/adt/datapreview/freestyle: Data preview refused this query"
        },
        {
          "object": "Z_LOST_FM",
          "reason": "running query: ADT API error: status 500 at /sap/bc/adt/datapreview/freestyle: Data preview refused this query"
        }
      ]
    },
    "staleness": {
      "status": "AGING",
      "details": {
        "age_days": N,
        "checked": 1,
        "last_changed": "2026-01-01T10:00:00Z"
      }
    },
    "tests": {
      "status": "PASS",
      "details": {
        "alerts": 0,
        "classes": 1,
        "methods": 1
      }
    }
  }
}

=== stderr
    WARN: TFDIR resolve batch failed: running query: ADT API error: status 500 at /sap/bc/adt/datapreview/freestyle: Data preview refused this query

=== error
<nil>
=== requests
GET /sap/bc/adt/oo/classes/ZCL_NARROW/includes/main/versions
GET /sap/bc/adt/oo/classes/ZCL_NARROW/source/main
GET /sap/bc/adt/oo/classes/ZCL_NARROW/source/main
GET atc/customizing
GET atc/worklists/WL1
POST atc/runs /sap/bc/adt/oo/classes/zcl_narrow
POST atc/worklists
POST testruns /sap/bc/adt/oo/classes/zcl_narrow
SQL SELECT FUNCNAME, PNAME FROM TFDIR WHERE FUNCNAME IN ('Z_GOLD_FM')
SQL SELECT FUNCNAME, PNAME FROM TFDIR WHERE FUNCNAME IN ('Z_LOST_FM')
SQL SELECT object, obj_name, devclass FROM tadir WHERE pgmid = 'R3TR' AND obj_name IN ('ZCL_NARROW')
SQL SELECT object, obj_name, devclass FROM tadir WHERE pgmid = 'R3TR' AND obj_name IN ('Z_GOLD_FM')
SQL SELECT object, obj_name, devclass FROM tadir WHERE pgmid = 'R3TR' AND obj_name IN ('Z_LOST_FM')
